{
    "versions": {
        "content": [
            [
                "versions.yml:md5,0572fb9059c7518d698bc5d609d63935"
            ]
        ],
        "timestamp": "2023-11-28T14:12:02.729942"
    },
    "output/miniasm/test.gfa.gz": {
        "content": [
            "test.gfa.gz"
        ],
        "timestamp": "2023-11-28T14:12:02.708123"
    },
    "output/miniasm/test.fasta.gz": {
        "content": [
            "test.fasta.gz"
        ],
        "timestamp": "2023-11-28T14:12:02.723547"
    }
}